DataAbs\YOSDOS1.da1
DataAbs\YOSDOS2.da1
DataAbs\YOSDOS2CLX.da1
DataAbs\YOSDOS3.da1
DataAbs\YOSDOS3CLX.da1
DataAbs\YOSDOS4.da1
DataAbs\YOSDOS5.da1
DataAbs\YOSDOS6.da1
DataAbs\YOSDOS7.da1
DataAbs\YOSDOS8.da1
DataAbs\YOSDOS8-2.da1
DataAbs\YOSDOS8-3.da1
DataAbs\YOSDOS9.da1
DataAbs\YOSDOS10.da1
DataAbs\YOSDOS11.da1
DataAbs\YOSDOS12.da1
DataAbs\YOSDOS13.da1
DataAbs\YOSDOS14.da1
DataAbs\YOSDOS15.da1
DataAbs\YOSDOS16.da1
DataAbs\YOSDOS17-2.da1
DataAbs\YOSDOS17CLX.da1
DataAbs\YOSDOS17.da1
DataAbs\YOSDOS18.da1
DataAbs\YOSDOS19CLX.da1
DataAbs\YOSDOS19.da1
DataAbs\YOSDOS20.da1
DataAbs\YOSDOS21.da1
DataAbs\YOSDOS21CLX.da1
DataAbs\YOSDOS22.da1
DataAbs\YOSDOS23.da1
DataAbs\YOSDOS24.da1
DataAbs\YOSDOS25.da1
DataAbs\YOSDOS26.da1
DataAbs\YOSDOS27.da1
DataAbs\YOSDOS28.da1
DataAbs\YOSDOS29.da1
DataAbs\YOSDOS30.da1
DataAbs\YOSDOS31.da1
DataAbs\YOSDOS32.da1
DataAbs\YOSDOS33.da1
DataAbs\YOSDOS34.da1
DataAbs\YOSDOS35.da1
DataAbs\YOSDOS36.da1
DataAbs\YOSDOS37.da1
DataAbs\YOSDOS37CLX.da1
DataAbs\YOSDOS37CLX2.da1
DataAbs\YOSDOS38.da1
DataAbs\YOSDOS39.da1
DataAbs\YOSDOS40.da1
