DataAbs\YOSDOS1.asc
DataAbs\YOSDOS2.asc
DataAbs\YOSDOS2CLX.asc
DataAbs\YOSDOS3.asc
DataAbs\YOSDOS3CLX.asc
DataAbs\YOSDOS4.asc
DataAbs\YOSDOS5.asc
DataAbs\YOSDOS6.asc
DataAbs\YOSDOS7.asc
DataAbs\YOSDOS8.asc
DataAbs\YOSDOS8-2.asc
DataAbs\YOSDOS8-3.asc
DataAbs\YOSDOS9.asc
DataAbs\YOSDOS10.asc
DataAbs\YOSDOS11.asc
DataAbs\YOSDOS12.asc
DataAbs\YOSDOS13.asc
DataAbs\YOSDOS14.asc
DataAbs\YOSDOS15.asc
DataAbs\YOSDOS16.asc
DataAbs\YOSDOS17-2.asc
DataAbs\YOSDOS17CLX.asc
DataAbs\YOSDOS17.asc
DataAbs\YOSDOS18.asc
DataAbs\YOSDOS19CLX.asc
DataAbs\YOSDOS19.asc
DataAbs\YOSDOS20.asc
DataAbs\YOSDOS21.asc
DataAbs\YOSDOS21CLX.asc
DataAbs\YOSDOS22.asc
DataAbs\YOSDOS23.asc
DataAbs\YOSDOS24.asc
DataAbs\YOSDOS25.asc
DataAbs\YOSDOS26.asc
DataAbs\YOSDOS27.asc
DataAbs\YOSDOS28.asc
DataAbs\YOSDOS29.asc
DataAbs\YOSDOS30.asc
DataAbs\YOSDOS31.asc
DataAbs\YOSDOS32.asc
DataAbs\YOSDOS33.asc
DataAbs\YOSDOS34.asc
DataAbs\YOSDOS35.asc
DataAbs\YOSDOS36.asc
DataAbs\YOSDOS37.asc
DataAbs\YOSDOS37CLX.asc
DataAbs\YOSDOS37CLX2.asc
DataAbs\YOSDOS38.asc
DataAbs\YOSDOS39.asc
DataAbs\YOSDOS40.asc
