DataAbs\YDR1.asc
DataAbs\YDR2.asc
DataAbs\YDR2CLX.asc
DataAbs\YDR3.asc
DataAbs\YDR3CLX.asc
DataAbs\YDR4.asc
DataAbs\YDR4CLX.asc
DataAbs\YDR5.asc
DataAbs\YDR6.asc
DataAbs\YDR7.asc
DataAbs\YDR7CLX.asc
DataAbs\YDR8.asc
DataAbs\YDR9.asc
DataAbs\YDR9CLX.asc
DataAbs\YDR10.asc
DataAbs\YDR11.asc
DataAbs\YDR12.asc
DataAbs\YDR13.asc
DataAbs\YDR14.asc
DataAbs\YDR15.asc
DataAbs\YDR15CLX.asc
DataAbs\YDR16.asc
DataAbs\YDR17.asc
DataAbs\YDR17CLX.asc
DataAbs\YDR18.asc
DataAbs\YDR19.asc
DataAbs\YDR19CLX.asc
DataAbs\YDR20.asc
DataAbs\YDR21.asc
DataAbs\YDR22.asc
DataAbs\YDR22CLX.asc
DataAbs\YDR23.asc
DataAbs\YDR24.asc
DataAbs\YDR25.asc
DataAbs\YDR26.asc
DataAbs\YDR27-2.asc
DataAbs\YDR27.asc
DataAbs\YDR28.asc
DataAbs\YDR29.asc
DataAbs\YDR30.asc
DataAbs\YDR31.asc
DataAbs\YDR31CLX.asc
DataAbs\YDR31-2.asc
DataAbs\YDR32.asc
DataAbs\YDR33.asc
DataAbs\YDR34.asc
DataAbs\YDR35.asc
DataAbs\YDR35CLX.asc
DataAbs\YDR36.asc
DataAbs\YDR37.asc
DataAbs\YDR37CLX.asc
DataAbs\YDR38.asc
DataAbs\YDR39.asc
DataAbs\YDR39CLX.asc
DataAbs\YDR40.asc
